
Connecting to 'www.google.de' with certificate:
0t0\VB?S0	*H 0I10	UUS10U

Google Inc1%0#UGoogle Internet Authority G20141210113643Z150310000000Z0g10	UUS10U
California10UMountain View10U

Google Inc10Uwww.google.de0"0	*H  0
 	},^G [^ӏ/đo¼,EaXfk]uS{tZu/S/QCmH6 lnrѩ]Zn5& $Ѫo^mwpi%S{wEcV:l
Fg4#Z?iA1ݛ*wbµʰ|nۊ^1c?s_F?Em&M\8K4RΙ?#An;Q	I%ey_9,no @0<0U%0++0U0www.google.de0h+\0Z0++0http://pki.google.com/GIAG2.crt0++0http://clients1.google.com/ocsp0UF!#G"')t0U0 0U#0JhvbZ/0U 00
+y00U)0'0%#!http://pki.google.com/GIAG2.crl0	*H  ToHby>G:=MQ@<T5rC/@-K 1=
!+"dT&(C$=LzV4yIq<v>蹵U St_36bcQ#aǩURȤf{}Ց`/Ǿi:Lg5pp{NA!ժMQڊ{!ftl0sDdxeap	H֋dS_Jx\utf Į0^I6T
